Warning: You are sending unauthenticated requests to the HF Hub. Please set a HF_TOKEN to enable higher rate limits and faster downloads.
[convnext] model=convnext_tiny size=64px  train class counts: {'none': 103202, 'Center': 3006, 'Donut': 389, 'Edge-Loc': 3632, 'Edge-Ring': 6776, 'Loc': 2515, 'Near-full': 104, 'Random': 606, 'Scratch': 835}
[convnext] ep 00  loss 0.2708  val_acc 0.9391  val_macroF1 0.6496  (25s)
[convnext] ep 01  loss 0.2237  val_acc 0.9738  val_macroF1 0.8624  (21s)
[convnext] ep 02  loss 0.2279  val_acc 0.9766  val_macroF1 0.8728  (23s)
[convnext] ep 03  loss 0.2260  val_acc 0.9773  val_macroF1 0.8740  (27s)
[convnext] ep 04  loss 0.2247  val_acc 0.9767  val_macroF1 0.8691  (22s)
[convnext] ep 05  loss 0.2194  val_acc 0.9763  val_macroF1 0.8682  (20s)
[convnext] ep 06  loss 0.2150  val_acc 0.9768  val_macroF1 0.8695  (20s)
[convnext] ep 07  loss 0.2102  val_acc 0.9778  val_macroF1 0.8805  (21s)
[convnext] ep 08  loss 0.2093  val_acc 0.9769  val_macroF1 0.8763  (20s)
[convnext] ep 09  loss 0.2094  val_acc 0.9771  val_macroF1 0.8806  (21s)
[convnext] ep 10  loss 0.2076  val_acc 0.9767  val_macroF1 0.8771  (20s)
[convnext] ep 11  loss 0.2077  val_acc 0.9760  val_macroF1 0.8770  (20s)
[convnext] ep 12  loss 0.2047  val_acc 0.9760  val_macroF1 0.8811  (20s)
[convnext] ep 13  loss 0.2031  val_acc 0.9766  val_macroF1 0.8809  (21s)
[convnext] ep 14  loss 0.2031  val_acc 0.9776  val_macroF1 0.8838  (20s)
[convnext] ep 15  loss 0.2015  val_acc 0.9778  val_macroF1 0.8840  (20s)
[convnext] ep 16  loss 0.2011  val_acc 0.9770  val_macroF1 0.8806  (21s)
[convnext] ep 17  loss 0.2009  val_acc 0.9769  val_macroF1 0.8782  (21s)
[convnext] ep 18  loss 0.1982  val_acc 0.9774  val_macroF1 0.8798  (22s)
[convnext] ep 19  loss 0.1976  val_acc 0.9776  val_macroF1 0.8807  (21s)
[convnext] ep 20  loss 0.1965  val_acc 0.9776  val_macroF1 0.8823  (21s)
[convnext] ep 21  loss 0.1949  val_acc 0.9780  val_macroF1 0.8833  (23s)
[convnext] ep 22  loss 0.1943  val_acc 0.9778  val_macroF1 0.8842  (21s)
[convnext] ep 23  loss 0.1937  val_acc 0.9780  val_macroF1 0.8839  (21s)
[convnext] ep 24  loss 0.1921  val_acc 0.9783  val_macroF1 0.8883  (23s)
[convnext] ep 25  loss 0.1911  val_acc 0.9779  val_macroF1 0.8899  (28s)
[convnext] ep 26  loss 0.1900  val_acc 0.9781  val_macroF1 0.8925  (24s)
[convnext] ep 27  loss 0.1894  val_acc 0.9782  val_macroF1 0.8887  (20s)
[convnext] ep 28  loss 0.1877  val_acc 0.9783  val_macroF1 0.8903  (21s)
[convnext] ep 29  loss 0.1868  val_acc 0.9785  val_macroF1 0.8936  (20s)
[convnext] ep 30  loss 0.1862  val_acc 0.9785  val_macroF1 0.8942  (20s)
[convnext] ep 31  loss 0.1839  val_acc 0.9786  val_macroF1 0.8974  (20s)
[convnext] ep 32  loss 0.1840  val_acc 0.9786  val_macroF1 0.8997  (20s)
[convnext] ep 33  loss 0.1826  val_acc 0.9788  val_macroF1 0.8993  (20s)
[convnext] ep 34  loss 0.1819  val_acc 0.9784  val_macroF1 0.8987  (20s)
[convnext] ep 35  loss 0.1807  val_acc 0.9789  val_macroF1 0.8991  (20s)
[convnext] ep 36  loss 0.1796  val_acc 0.9795  val_macroF1 0.9014  (20s)
[convnext] ep 37  loss 0.1780  val_acc 0.9794  val_macroF1 0.9017  (22s)
[convnext] ep 38  loss 0.1772  val_acc 0.9795  val_macroF1 0.9018  (26s)
[convnext] ep 39  loss 0.1771  val_acc 0.9797  val_macroF1 0.9040  (24s)
[convnext] ep 40  loss 0.1754  val_acc 0.9803  val_macroF1 0.9065  (20s)
[convnext] ep 41  loss 0.1749  val_acc 0.9803  val_macroF1 0.9060  (20s)
[convnext] ep 42  loss 0.1736  val_acc 0.9804  val_macroF1 0.9080  (20s)
[convnext] ep 43  loss 0.1728  val_acc 0.9806  val_macroF1 0.9082  (20s)
[convnext] ep 44  loss 0.1721  val_acc 0.9804  val_macroF1 0.9073  (20s)
[convnext] ep 45  loss 0.1712  val_acc 0.9801  val_macroF1 0.9070  (20s)
[convnext] ep 46  loss 0.1708  val_acc 0.9800  val_macroF1 0.9058  (20s)
[convnext] ep 47  loss 0.1699  val_acc 0.9803  val_macroF1 0.9086  (20s)
[convnext] ep 48  loss 0.1694  val_acc 0.9807  val_macroF1 0.9107  (20s)
[convnext] ep 49  loss 0.1687  val_acc 0.9812  val_macroF1 0.9124  (20s)
[convnext] ep 50  loss 0.1682  val_acc 0.9806  val_macroF1 0.9129  (21s)
[convnext] ep 51  loss 0.1679  val_acc 0.9808  val_macroF1 0.9159  (27s)
[convnext] ep 52  loss 0.1674  val_acc 0.9813  val_macroF1 0.9169  (24s)
[convnext] ep 53  loss 0.1671  val_acc 0.9813  val_macroF1 0.9158  (20s)
[convnext] ep 54  loss 0.1667  val_acc 0.9814  val_macroF1 0.9169  (20s)
[convnext] ep 55  loss 0.1667  val_acc 0.9818  val_macroF1 0.9183  (20s)
[convnext] ep 56  loss 0.1665  val_acc 0.9818  val_macroF1 0.9181  (20s)
[convnext] ep 57  loss 0.1663  val_acc 0.9819  val_macroF1 0.9186  (21s)
[convnext] ep 58  loss 0.1661  val_acc 0.9817  val_macroF1 0.9180  (20s)
[convnext] ep 59  loss 0.1662  val_acc 0.9817  val_macroF1 0.9179  (20s)

=== [convnext] TEST  acc 0.9818  macroF1 0.9089  MCC 0.9319 ===
  none         f1 0.9920
  Center       f1 0.9376
  Donut        f1 0.8875
  Edge-Loc     f1 0.8839
  Edge-Ring    f1 0.9850
  Loc          f1 0.8415
  Near-full    f1 0.9545
  Random       f1 0.9042
  Scratch      f1 0.7944
[convnext] saved outputs/best_convnext.pt and metrics_convnext.json
