Warning: You are sending unauthenticated requests to the HF Hub. Please set a HF_TOKEN to enable higher rate limits and faster downloads.
/home/jdan/anaconda3/envs/deepLearning/lib/python3.10/site-packages/timm/layers/interpolate.py:47: UserWarning: torch.searchsorted(): input value tensor is non-contiguous, this will lower the performance due to extra data copy when converting non-contiguous tensor to contiguous, please use contiguous input value tensor if possible. This message will only appear once per program. (Triggered internally at ../aten/src/ATen/native/BucketizationUtils.h:32.)
  idx_right = torch.bucketize(x, p)
[swin] model=swin_tiny_patch4_window7_224 size=128px  train class counts: {'none': 103202, 'Center': 3006, 'Donut': 389, 'Edge-Loc': 3632, 'Edge-Ring': 6776, 'Loc': 2515, 'Near-full': 104, 'Random': 606, 'Scratch': 835}
[swin] ep 00  loss 0.2593  val_acc 0.9621  val_macroF1 0.7610  (116s)
[swin] ep 01  loss 0.2120  val_acc 0.9636  val_macroF1 0.8336  (109s)
[swin] ep 02  loss 0.2068  val_acc 0.9635  val_macroF1 0.8512  (109s)
[swin] ep 03  loss 0.2043  val_acc 0.9660  val_macroF1 0.8598  (112s)
[swin] ep 04  loss 0.2071  val_acc 0.9682  val_macroF1 0.8599  (112s)
[swin] ep 05  loss 0.2084  val_acc 0.9694  val_macroF1 0.8605  (111s)
[swin] ep 06  loss 0.2095  val_acc 0.9674  val_macroF1 0.8536  (109s)
[swin] ep 07  loss 0.2113  val_acc 0.9681  val_macroF1 0.8565  (111s)
[swin] ep 08  loss 0.2120  val_acc 0.9666  val_macroF1 0.8504  (109s)
[swin] ep 09  loss 0.2135  val_acc 0.9678  val_macroF1 0.8512  (111s)
[swin] ep 10  loss 0.2120  val_acc 0.9665  val_macroF1 0.8492  (111s)
[swin] ep 11  loss 0.2138  val_acc 0.9653  val_macroF1 0.8410  (109s)
[swin] ep 12  loss 0.2121  val_acc 0.9647  val_macroF1 0.8399  (112s)
[swin] ep 13  loss 0.2100  val_acc 0.9659  val_macroF1 0.8479  (109s)
[swin] ep 14  loss 0.2107  val_acc 0.9665  val_macroF1 0.8522  (111s)
[swin] ep 15  loss 0.2072  val_acc 0.9660  val_macroF1 0.8542  (111s)
[swin] ep 16  loss 0.2067  val_acc 0.9663  val_macroF1 0.8524  (109s)
[swin] ep 17  loss 0.2059  val_acc 0.9673  val_macroF1 0.8582  (112s)
[swin] ep 18  loss 0.2045  val_acc 0.9668  val_macroF1 0.8545  (109s)
[swin] ep 19  loss 0.2020  val_acc 0.9673  val_macroF1 0.8540  (110s)
[swin] ep 20  loss 0.2031  val_acc 0.9674  val_macroF1 0.8568  (111s)
[swin] ep 21  loss 0.2011  val_acc 0.9688  val_macroF1 0.8608  (113s)
[swin] ep 22  loss 0.2002  val_acc 0.9679  val_macroF1 0.8583  (109s)
[swin] ep 23  loss 0.1996  val_acc 0.9693  val_macroF1 0.8646  (109s)
[swin] ep 24  loss 0.1982  val_acc 0.9699  val_macroF1 0.8620  (112s)
[swin] ep 25  loss 0.1982  val_acc 0.9702  val_macroF1 0.8619  (109s)
[swin] ep 26  loss 0.1974  val_acc 0.9701  val_macroF1 0.8601  (111s)
[swin] ep 27  loss 0.1961  val_acc 0.9702  val_macroF1 0.8619  (109s)
[swin] ep 28  loss 0.1966  val_acc 0.9700  val_macroF1 0.8651  (109s)
[swin] ep 29  loss 0.1952  val_acc 0.9697  val_macroF1 0.8688  (111s)
[swin] ep 30  loss 0.1944  val_acc 0.9705  val_macroF1 0.8688  (109s)
[swin] ep 31  loss 0.1940  val_acc 0.9707  val_macroF1 0.8705  (111s)
[swin] ep 32  loss 0.1927  val_acc 0.9721  val_macroF1 0.8747  (110s)
[swin] ep 33  loss 0.1930  val_acc 0.9713  val_macroF1 0.8738  (109s)
[swin] ep 34  loss 0.1922  val_acc 0.9708  val_macroF1 0.8714  (112s)
[swin] ep 35  loss 0.1917  val_acc 0.9706  val_macroF1 0.8723  (109s)
[swin] ep 36  loss 0.1913  val_acc 0.9711  val_macroF1 0.8716  (109s)
[swin] ep 37  loss 0.1905  val_acc 0.9706  val_macroF1 0.8756  (111s)
[swin] ep 38  loss 0.1896  val_acc 0.9714  val_macroF1 0.8795  (113s)
[swin] ep 39  loss 0.1889  val_acc 0.9719  val_macroF1 0.8800  (110s)
[swin] ep 40  loss 0.1885  val_acc 0.9708  val_macroF1 0.8776  (109s)
[swin] ep 41  loss 0.1880  val_acc 0.9713  val_macroF1 0.8817  (112s)
[swin] ep 42  loss 0.1866  val_acc 0.9718  val_macroF1 0.8815  (110s)
[swin] ep 43  loss 0.1873  val_acc 0.9722  val_macroF1 0.8812  (111s)
[swin] ep 44  loss 0.1870  val_acc 0.9733  val_macroF1 0.8812  (111s)
[swin] ep 45  loss 0.1847  val_acc 0.9730  val_macroF1 0.8820  (110s)
[swin] ep 46  loss 0.1855  val_acc 0.9727  val_macroF1 0.8861  (112s)
[swin] ep 47  loss 0.1842  val_acc 0.9732  val_macroF1 0.8903  (109s)
[swin] ep 48  loss 0.1840  val_acc 0.9727  val_macroF1 0.8893  (109s)
[swin] ep 49  loss 0.1825  val_acc 0.9731  val_macroF1 0.8881  (112s)
[swin] ep 50  loss 0.1834  val_acc 0.9731  val_macroF1 0.8856  (109s)
[swin] ep 51  loss 0.1813  val_acc 0.9730  val_macroF1 0.8841  (112s)
[swin] ep 52  loss 0.1810  val_acc 0.9730  val_macroF1 0.8841  (109s)
[swin] ep 53  loss 0.1802  val_acc 0.9733  val_macroF1 0.8902  (109s)
[swin] ep 54  loss 0.1802  val_acc 0.9734  val_macroF1 0.8903  (111s)
[swin] ep 55  loss 0.1793  val_acc 0.9743  val_macroF1 0.8930  (112s)
[swin] ep 56  loss 0.1790  val_acc 0.9747  val_macroF1 0.8970  (110s)
[swin] ep 57  loss 0.1781  val_acc 0.9743  val_macroF1 0.8959  (109s)
[swin] ep 58  loss 0.1778  val_acc 0.9743  val_macroF1 0.8965  (111s)
[swin] ep 59  loss 0.1770  val_acc 0.9748  val_macroF1 0.8989  (109s)
[swin] ep 60  loss 0.1765  val_acc 0.9750  val_macroF1 0.8982  (109s)
[swin] ep 61  loss 0.1757  val_acc 0.9751  val_macroF1 0.9003  (112s)
[swin] ep 62  loss 0.1754  val_acc 0.9744  val_macroF1 0.8973  (109s)
[swin] ep 63  loss 0.1747  val_acc 0.9742  val_macroF1 0.8966  (112s)
[swin] ep 64  loss 0.1742  val_acc 0.9755  val_macroF1 0.9014  (110s)
[swin] ep 65  loss 0.1738  val_acc 0.9755  val_macroF1 0.9005  (109s)
[swin] ep 66  loss 0.1734  val_acc 0.9753  val_macroF1 0.9004  (113s)
[swin] ep 67  loss 0.1727  val_acc 0.9753  val_macroF1 0.9005  (109s)
[swin] ep 68  loss 0.1724  val_acc 0.9750  val_macroF1 0.8989  (112s)
[swin] ep 69  loss 0.1723  val_acc 0.9756  val_macroF1 0.9015  (109s)
[swin] ep 70  loss 0.1717  val_acc 0.9758  val_macroF1 0.9011  (109s)
[swin] ep 71  loss 0.1715  val_acc 0.9759  val_macroF1 0.9004  (110s)
[swin] ep 72  loss 0.1713  val_acc 0.9769  val_macroF1 0.9034  (112s)
[swin] ep 73  loss 0.1711  val_acc 0.9769  val_macroF1 0.9029  (113s)
[swin] ep 74  loss 0.1706  val_acc 0.9771  val_macroF1 0.9038  (109s)
[swin] ep 75  loss 0.1705  val_acc 0.9771  val_macroF1 0.9040  (111s)
[swin] ep 76  loss 0.1704  val_acc 0.9771  val_macroF1 0.9044  (109s)
[swin] ep 77  loss 0.1706  val_acc 0.9774  val_macroF1 0.9046  (109s)
[swin] ep 78  loss 0.1702  val_acc 0.9775  val_macroF1 0.9056  (112s)
[swin] ep 79  loss 0.1706  val_acc 0.9772  val_macroF1 0.9048  (109s)

=== [swin] TEST  acc 0.9778  macroF1 0.9047  MCC 0.9203 ===
  none         f1 0.9901
  Center       f1 0.9206
  Donut        f1 0.9068
  Edge-Loc     f1 0.8618
  Edge-Ring    f1 0.9832
  Loc          f1 0.8165
  Near-full    f1 0.9545
  Random       f1 0.9134
  Scratch      f1 0.7949
[swin] saved outputs/best_swin.pt and metrics_swin.json
